
Running 112 tests using 1 worker

(node:20347) Warning: The 'NO_COLOR' env is ignored due to the 'FORCE_COLOR' env being set.
(Use `node --trace-warnings ...` to show where the warning was created)
(node:20347) Warning: The 'NO_COLOR' env is ignored due to the 'FORCE_COLOR' env being set.
(Use `node --trace-warnings ...` to show where the warning was created)
  ✓    1 [chromium] › tests/assets.spec.ts:14:5 › Assets - Meters › Navigation & Page Structure › should navigate to meters page (1.3s)
  ✓    2 [chromium] › tests/assets.spec.ts:21:5 › Assets - Meters › Navigation & Page Structure › should display meters table with correct headers (1.3s)
  ✓    3 [chromium] › tests/assets.spec.ts:31:5 › Assets - Meters › Navigation & Page Structure › should have search and filter controls (1.3s)
  ✓    4 [chromium] › tests/assets.spec.ts:44:5 › Assets - Meters › Create Meter › should open create meter dialog (1.2s)
  ✓    5 [chromium] › tests/assets.spec.ts:52:5 › Assets - Meters › Create Meter › should have customer selection in create form (1.7s)
  ✓    6 [chromium] › tests/assets.spec.ts:65:5 › Assets - Meters › Create Meter › should have meter profile selection (1.7s)
  ✓    7 [chromium] › tests/assets.spec.ts:74:5 › Assets - Meters › Create Meter › should have device configuration options (1.6s)
  ✓    8 [chromium] › tests/assets.spec.ts:93:5 › Assets - Meters › Create Meter › should create meter with customer (1.6s)
  ✓    9 [chromium] › tests/assets.spec.ts:107:5 › Assets - Meters › Meter Detail › should navigate to meter detail on row click (1.3s)
  ✓   10 [chromium] › tests/assets.spec.ts:121:5 › Assets - Meters › Meter Detail › should display meter technical info (1.2s)
  ✓   11 [chromium] › tests/assets.spec.ts:138:5 › Assets - Meters › Device Linking › should show device linking options in meter form (1.6s)
  ✓   12 [chromium] › tests/assets.spec.ts:159:5 › Assets - Meters › Device Linking › should select device from inventory when option chosen (1.6s)
  ✓   13 [chromium] › tests/assets.spec.ts:178:5 › Assets - Meters › Search & Filter › should filter meters by search query (1.6s)
  ✓   14 [chromium] › tests/assets.spec.ts:188:5 › Assets - Meters › Search & Filter › should filter meters by status (868ms)
  ✓   15 [chromium] › tests/assets.spec.ts:201:5 › Assets - Meters › Reading History › should display reading history on detail page (1.3s)
  ✓   16 [chromium] › tests/assets.spec.ts:217:5 › Assets - Meters › Unlink Device › should show unlink option for linked meters (2.1s)
  ✓   17 [chromium] › tests/auth.spec.ts:12:5 › Authentication › Login Flow › should display login page with all elements (692ms)
  ✓   18 [chromium] › tests/auth.spec.ts:28:5 › Authentication › Login Flow › should login with valid credentials and redirect to dashboard (930ms)
  ✓   19 [chromium] › tests/auth.spec.ts:48:5 › Authentication › Login Flow › should show error message with invalid credentials (659ms)
  ✓   20 [chromium] › tests/auth.spec.ts:65:5 › Authentication › Login Flow › should disable submit button when fields are empty (742ms)
  ✓   21 [chromium] › tests/auth.spec.ts:86:5 › Authentication › Login Flow › should show validation error for invalid email format (662ms)
  ✓   22 [chromium] › tests/auth.spec.ts:100:5 › Authentication › Login Flow › should toggle password visibility (721ms)
  ✓   23 [chromium] › tests/auth.spec.ts:127:5 › Authentication › Logout Flow › should logout and redirect to login page (932ms)
  ✓   24 [chromium] › tests/auth.spec.ts:148:5 › Authentication › Protected Routes › should redirect to login when accessing protected route unauthenticated (670ms)
  ✓   25 [chromium] › tests/auth.spec.ts:156:5 › Authentication › Protected Routes › should redirect to login when accessing any protected route (1.8s)
  ✓   26 [chromium] › tests/auth.spec.ts:175:5 › Authentication › Session Persistence › should maintain session after page refresh (1.1s)
  ✓   27 [chromium] › tests/configurations.spec.ts:14:5 › Configurations - Profiles › Navigation & Page Structure › should navigate to profiles page (1.0s)
  ✓   28 [chromium] › tests/configurations.spec.ts:21:5 › Configurations - Profiles › Navigation & Page Structure › should display tabs for Meter and Device Profiles (1.3s)
  ✓   29 [chromium] › tests/configurations.spec.ts:29:5 › Configurations - Profiles › Navigation & Page Structure › should switch between tabs (1.2s)
  ✓   30 [chromium] › tests/configurations.spec.ts:49:5 › Configurations - Profiles › Device Profiles › should display device profiles grid (2.1s)
  ✓   31 [chromium] › tests/configurations.spec.ts:65:5 › Configurations - Profiles › Device Profiles › should open create device profile dialog (1.2s)
  ✓   32 [chromium] › tests/configurations.spec.ts:79:5 › Configurations - Profiles › Device Profiles › should create a LoRaWAN device profile with field definitions (4.1s)
  ✓   33 [chromium] › tests/configurations.spec.ts:121:5 › Configurations - Profiles › Device Profiles › should navigate to device profile detail (2.2s)
  ✓   34 [chromium] › tests/configurations.spec.ts:140:5 › Configurations - Profiles › Device Profiles › should display field definitions section in create form (2.0s)
  ✓   35 [chromium] › tests/configurations.spec.ts:161:5 › Configurations - Profiles › Device Profiles › should add custom field definition (1.5s)
  ✓   36 [chromium] › tests/configurations.spec.ts:192:5 › Configurations - Profiles › Meter Profiles › should display meter profiles grid (1.9s)
  ✓   37 [chromium] › tests/configurations.spec.ts:205:5 › Configurations - Profiles › Meter Profiles › should open create meter profile dialog (1.2s)
  ✓   38 [chromium] › tests/configurations.spec.ts:215:5 › Configurations - Profiles › Meter Profiles › should create meter profile with compatible device profile (3.7s)
  ✓   39 [chromium] › tests/configurations.spec.ts:260:5 › Configurations - Profiles › Meter Profiles › should navigate to meter profile detail (2.0s)
  ✓   40 [chromium] › tests/configurations.spec.ts:276:5 › Configurations - Profiles › Meter Profiles › should search profiles (1.8s)
  ✓   41 [chromium] › tests/configurations.spec.ts:294:5 › Configurations - Profiles › Decoder Configuration › should show decoder function textarea in device profile form (2.3s)
  ✓   42 [chromium] › tests/configurations.spec.ts:320:5 › Configurations - Profiles › Decoder Configuration › should show test decoder section (1.4s)
  ✓   43 [chromium] › tests/configurations.spec.ts:341:5 › Configurations - Profiles › Decoder Configuration › should test decoder function (4.4s)
  ✓   44 [chromium] › tests/customers.spec.ts:14:5 › Customers Management › Navigation & Page Structure › should navigate to customers page (1.1s)
  ✓   45 [chromium] › tests/customers.spec.ts:21:5 › Customers Management › Navigation & Page Structure › should display customers table with correct headers (1.3s)
  ✓   46 [chromium] › tests/customers.spec.ts:32:5 › Customers Management › Navigation & Page Structure › should have search input (1.2s)
  ✓   47 [chromium] › tests/customers.spec.ts:43:5 › Customers Management › Create Individual Customer › should open create customer dialog (1.2s)
  ✓   48 [chromium] › tests/customers.spec.ts:51:5 › Customers Management › Create Individual Customer › should show customer type selection (1.6s)
  ✓   49 [chromium] › tests/customers.spec.ts:67:5 › Customers Management › Create Individual Customer › should show individual-specific fields when Individual selected (1.7s)
  ✓   50 [chromium] › tests/customers.spec.ts:77:5 › Customers Management › Create Individual Customer › should create individual customer successfully (3.8s)
  ✓   51 [chromium] › tests/customers.spec.ts:123:5 › Customers Management › Create Organizational Customer › should show organizational-specific fields when Organizational selected (1.6s)
  ✓   52 [chromium] › tests/customers.spec.ts:140:5 › Customers Management › Create Organizational Customer › should create organizational customer (3.7s)
  ✓   53 [chromium] › tests/customers.spec.ts:179:5 › Customers Management › Customer Detail & Edit › should navigate to customer detail on row click (1.3s)
  ✓   54 [chromium] › tests/customers.spec.ts:193:5 › Customers Management › Customer Detail & Edit › should display customer info card (1.3s)
  ✓   55 [chromium] › tests/customers.spec.ts:207:5 › Customers Management › Customer Detail & Edit › should display linked meters list (1.7s)
  ✓   56 [chromium] › tests/customers.spec.ts:224:5 › Customers Management › Customer Detail & Edit › should edit customer address (PATCH operation) (1.7s)
  ✓   57 [chromium] › tests/customers.spec.ts:241:5 › Customers Management › Customer Search › should filter customers by search query (1.6s)
  ✓   58 [chromium] › tests/customers.spec.ts:253:5 › Customers Management › Customer Search › should show empty state when no results (1.7s)
  ✓   59 [chromium] › tests/customers.spec.ts:267:5 › Customers Management › Delete Customer › should show delete confirmation (1.6s)
  ✓   60 [chromium] › tests/customers.spec.ts:290:5 › Customers Management › Consumption History › should display consumption chart on detail page (1.7s)
  ✓   61 [chromium] › tests/customers.spec.ts:307:5 › Customers Management › Address Fields › should display address fields in create form (1.6s)
  ✓   62 [chromium] › tests/customers.spec.ts:323:5 › Customers Management › Address Fields › should have latitude/longitude inputs (1.6s)
  ✓   63 [chromium] › tests/iam.spec.ts:16:5 › IAM - Tenants & Users › Tenants Management › should navigate to tenants page (1.3s)
  ✓   64 [chromium] › tests/iam.spec.ts:25:5 › IAM - Tenants & Users › Tenants Management › should display tenants tree table (1.3s)
  ✓   65 [chromium] › tests/iam.spec.ts:34:5 › IAM - Tenants & Users › Tenants Management › should open create tenant dialog (1.2s)
  ✓   66 [chromium] › tests/iam.spec.ts:45:5 › IAM - Tenants & Users › Tenants Management › should create a new tenant (1.7s)
  ✓   67 [chromium] › tests/iam.spec.ts:73:5 › IAM - Tenants & Users › Tenants Management › should navigate to tenant detail (1.3s)
  ✓   68 [chromium] › tests/iam.spec.ts:89:5 › IAM - Tenants & Users › Tenants Management › should search tenants (1.8s)
  ✓   69 [chromium] › tests/iam.spec.ts:106:5 › IAM - Tenants & Users › Tenants Management › should expand/collapse tenant tree (1.2s)
  ✘   70 [chromium] › tests/iam.spec.ts:125:5 › IAM - Tenants & Users › Users Management › should navigate to users page (11.1s)
(node:21659) Warning: The 'NO_COLOR' env is ignored due to the 'FORCE_COLOR' env being set.
(Use `node --trace-warnings ...` to show where the warning was created)
(node:21659) Warning: The 'NO_COLOR' env is ignored due to the 'FORCE_COLOR' env being set.
(Use `node --trace-warnings ...` to show where the warning was created)
  ✓   71 [chromium] › tests/iam.spec.ts:137:5 › IAM - Tenants & Users › Users Management › should display users table (1.3s)
  ✓   72 [chromium] › tests/iam.spec.ts:144:5 › IAM - Tenants & Users › Users Management › should open create user dialog (1.2s)
  ✓   73 [chromium] › tests/iam.spec.ts:154:5 › IAM - Tenants & Users › Users Management › should validate user form fields (1.3s)
  ✓   74 [chromium] › tests/iam.spec.ts:169:5 › IAM - Tenants & Users › Users Management › should create a new user (3.7s)
  ✓   75 [chromium] › tests/inventory.spec.ts:14:5 › Device Inventory › Navigation & Page Structure › should navigate to devices page (1.0s)
  ✓   76 [chromium] › tests/inventory.spec.ts:21:5 › Device Inventory › Navigation & Page Structure › should display stats cards (1.3s)
  ✓   77 [chromium] › tests/inventory.spec.ts:31:5 › Device Inventory › Navigation & Page Structure › should display devices table with correct headers (1.3s)
  ✓   78 [chromium] › tests/inventory.spec.ts:44:5 › Device Inventory › Filtering & Search › should have filter controls (1.2s)
  ✓   79 [chromium] › tests/inventory.spec.ts:55:5 › Device Inventory › Filtering & Search › should filter by search query (1.6s)
  ✓   80 [chromium] › tests/inventory.spec.ts:67:5 › Device Inventory › Filtering & Search › should filter by status (853ms)
  ✓   81 [chromium] › tests/inventory.spec.ts:80:5 › Device Inventory › Create Device › should open create device dialog (1.2s)
  ✓   82 [chromium] › tests/inventory.spec.ts:89:5 › Device Inventory › Create Device › should show device profiles in dropdown (1.9s)
  ✓   83 [chromium] › tests/inventory.spec.ts:104:5 › Device Inventory › Create Device › should show dynamic fields based on selected profile (2.2s)
  ✓   84 [chromium] › tests/inventory.spec.ts:132:5 › Device Inventory › Create Device › should create a new device (3.7s)
  ✓   85 [chromium] › tests/inventory.spec.ts:175:5 › Device Inventory › Create Device › should validate required fields (1.6s)
  ✓   86 [chromium] › tests/inventory.spec.ts:187:5 › Device Inventory › Create Device › should default new devices to WAREHOUSE status (1.6s)
  ✓   87 [chromium] › tests/inventory.spec.ts:198:5 › Device Inventory › Device Detail › should navigate to device detail on row click (1.3s)
  ✓   88 [chromium] › tests/inventory.spec.ts:212:5 › Device Inventory › Device Detail › should display device detail page (1.3s)
  ✓   89 [chromium] › tests/inventory.spec.ts:232:5 › Device Inventory › Delete Device › should show delete confirmation dialog (1.1s)
  ✓   90 [chromium] › tests/inventory.spec.ts:250:5 › Device Inventory › Delete Device › should not allow deleting deployed devices (1.9s)
  ✓   91 [chromium] › tests/inventory.spec.ts:267:5 › Device Inventory › Linked Meter Column › should show linked meter for deployed devices (1.8s)
  ✓   92 [chromium] › tests/inventory.spec.ts:282:5 › Device Inventory › Linked Meter Column › should display "Not linked" for unlinked devices (1.8s)
  ✓   93 [chromium] › tests/inventory.spec.ts:296:5 › Device Inventory › Pagination › should show pagination controls when many devices exist (1.8s)
  ✓   94 [chromium] › tests/realtime.spec.ts:20:5 › Realtime - Live Readings › Page Structure › should navigate to live readings page (1.0s)
  ✓   95 [chromium] › tests/realtime.spec.ts:27:5 › Realtime - Live Readings › Page Structure › should display readings table with correct headers (996ms)
  ✘   96 [chromium] › tests/realtime.spec.ts:37:5 › Realtime - Live Readings › Page Structure › should show connection status indicator (955ms)
(node:22109) Warning: The 'NO_COLOR' env is ignored due to the 'FORCE_COLOR' env being set.
(Use `node --trace-warnings ...` to show where the warning was created)
(node:22109) Warning: The 'NO_COLOR' env is ignored due to the 'FORCE_COLOR' env being set.
(Use `node --trace-warnings ...` to show where the warning was created)
  ✓   97 [chromium] › tests/realtime.spec.ts:47:5 › Realtime - Live Readings › Page Structure › should have refresh button (1.1s)
  ✓   98 [chromium] › tests/realtime.spec.ts:53:5 › Realtime - Live Readings › Page Structure › should have filter button (1.0s)
  ✓   99 [chromium] › tests/realtime.spec.ts:59:5 › Realtime - Live Readings › Page Structure › should have export button (988ms)
  ✓  100 [chromium] › tests/realtime.spec.ts:67:5 › Realtime - Live Readings › Filter Panel › should toggle filter panel (1.2s)
  ✓  101 [chromium] › tests/realtime.spec.ts:86:5 › Realtime - Live Readings › Readings Display › should display existing readings (2.8s)
  ✓  102 [chromium] › tests/realtime.spec.ts:99:5 › Realtime - Live Readings › Readings Display › should show live readings indicator when new readings arrive (1.8s)
  ✓  103 [chromium] › tests/realtime.spec.ts:110:5 › Realtime - Live Readings › Readings Display › should link to meter detail from readings table (3.1s)
  ✓  104 [chromium] › tests/realtime.spec.ts:126:5 › Realtime - Live Readings › Realtime Socket Integration › should show socket connection status (1.0s)
  ✘  105 [chromium] › tests/realtime.spec.ts:141:5 › Realtime - Live Readings › Simulated IoT Ingestion (The "Wow" Factor) › should receive and display new reading when data is ingested (975ms)
(node:22287) Warning: The 'NO_COLOR' env is ignored due to the 'FORCE_COLOR' env being set.
(Use `node --trace-warnings ...` to show where the warning was created)
(node:22287) Warning: The 'NO_COLOR' env is ignored due to the 'FORCE_COLOR' env being set.
(Use `node --trace-warnings ...` to show where the warning was created)
  ✘  106 [chromium] › tests/realtime.spec.ts:218:5 › Realtime - Live Readings › Simulated IoT Ingestion (The "Wow" Factor) › should update dashboard total usage widget after ingestion (947ms)
(node:22308) Warning: The 'NO_COLOR' env is ignored due to the 'FORCE_COLOR' env being set.
(Use `node --trace-warnings ...` to show where the warning was created)
(node:22308) Warning: The 'NO_COLOR' env is ignored due to the 'FORCE_COLOR' env being set.
(Use `node --trace-warnings ...` to show where the warning was created)
  ✓  107 [chromium] › tests/realtime.spec.ts:282:5 › Realtime - Live Readings › Pagination › should show pagination controls (2.9s)
  ✓  108 [chromium] › tests/realtime.spec.ts:296:5 › Realtime - Live Readings › Pagination › should navigate between pages (2.9s)
  ✓  109 [chromium] › tests/realtime.spec.ts:312:5 › Realtime - Live Readings › Reading Details › should display signal strength when available (2.8s)
  ✓  110 [chromium] › tests/realtime.spec.ts:321:5 › Realtime - Live Readings › Reading Details › should display battery level badge (2.8s)
  ✓  111 [chromium] › tests/realtime.spec.ts:330:5 › Realtime - Live Readings › Reading Details › should display technology badge (2.9s)
  ✓  112 [chromium] › tests/realtime.spec.ts:341:5 › Realtime - Live Readings › Error Handling › should handle API errors gracefully (3.0s)


  1) [chromium] › tests/iam.spec.ts:125:5 › IAM - Tenants & Users › Users Management › should navigate to users page 

    TimeoutError: page.click: Timeout 10000ms exceeded.
    Call log:
    [2m  - waiting for locator('a[href="/iam/users"]')[22m
    [2m    - locator resolved to <a href="/iam/users" data-v-a473b97e="" class="sidebar-link text-sm">Users</a>[22m
    [2m  - attempting click action[22m
    [2m    2 × waiting for element to be visible, enabled and stable[22m
    [2m      - element is not stable[22m
    [2m    - retrying click action[22m
    [2m    - waiting 20ms[22m
    [2m    2 × waiting for element to be visible, enabled and stable[22m
    [2m      - element is not stable[22m
    [2m    - retrying click action[22m
    [2m      - waiting 100ms[22m
    [2m    - waiting for element to be visible, enabled and stable[22m
    [2m  - element was detached from the DOM, retrying[22m


      128 |       
      129 |       // Click Users link
    > 130 |       await page.click('a[href="/iam/users"]');
          |                  ^
      131 |
      132 |       // Verify page loaded
      133 |       await expect(page).toHaveURL('/iam/users');
        at /Users/13uraks/Desktop/projects/ReadWater/app/tests/iam.spec.ts:130:18

    attachment #1: screenshot (image/png) ──────────────────────────────────────────────────────────
    test-results/iam-IAM---Tenants-Users-Us-99430-ould-navigate-to-users-page-chromium/test-failed-1.png
    ────────────────────────────────────────────────────────────────────────────────────────────────

    attachment #2: video (video/webm) ──────────────────────────────────────────────────────────────
    test-results/iam-IAM---Tenants-Users-Us-99430-ould-navigate-to-users-page-chromium/video.webm
    ────────────────────────────────────────────────────────────────────────────────────────────────

    Error Context: test-results/iam-IAM---Tenants-Users-Us-99430-ould-navigate-to-users-page-chromium/error-context.md

    attachment #4: trace (application/zip) ─────────────────────────────────────────────────────────
    test-results/iam-IAM---Tenants-Users-Us-99430-ould-navigate-to-users-page-chromium/trace.zip
    Usage:

        npx playwright show-trace test-results/iam-IAM---Tenants-Users-Us-99430-ould-navigate-to-users-page-chromium/trace.zip

    ────────────────────────────────────────────────────────────────────────────────────────────────

  2) [chromium] › tests/realtime.spec.ts:37:5 › Realtime - Live Readings › Page Structure › should show connection status indicator 

    Error: [2mexpect([22m[31mreceived[39m[2m).[22mtoBeTruthy[2m()[22m

    Received: [31mfalse[39m

      42 |       const hasOffline = await page.locator('span:text("Offline")').isVisible().catch(() => false);
      43 |       
    > 44 |       expect(hasLive || hasOffline).toBeTruthy();
         |                                     ^
      45 |     });
      46 |
      47 |     test('should have refresh button', async ({ page }) => {
        at /Users/13uraks/Desktop/projects/ReadWater/app/tests/realtime.spec.ts:44:37

    attachment #1: screenshot (image/png) ──────────────────────────────────────────────────────────
    test-results/realtime-Realtime---Live-R-44f6d-connection-status-indicator-chromium/test-failed-1.png
    ────────────────────────────────────────────────────────────────────────────────────────────────

    attachment #2: video (video/webm) ──────────────────────────────────────────────────────────────
    test-results/realtime-Realtime---Live-R-44f6d-connection-status-indicator-chromium/video.webm
    ────────────────────────────────────────────────────────────────────────────────────────────────

    Error Context: test-results/realtime-Realtime---Live-R-44f6d-connection-status-indicator-chromium/error-context.md

    attachment #4: trace (application/zip) ─────────────────────────────────────────────────────────
    test-results/realtime-Realtime---Live-R-44f6d-connection-status-indicator-chromium/trace.zip
    Usage:

        npx playwright show-trace test-results/realtime-Realtime---Live-R-44f6d-connection-status-indicator-chromium/trace.zip

    ────────────────────────────────────────────────────────────────────────────────────────────────

  3) [chromium] › tests/realtime.spec.ts:141:5 › Realtime - Live Readings › Simulated IoT Ingestion (The "Wow" Factor) › should receive and display new reading when data is ingested 

    Error: apiRequestContext.post: connect ECONNREFUSED 127.0.0.1:3001
    Call log:
    [2m  - → POST http://127.0.0.1:3001/api/v1/auth/login[22m
    [2m    - user-agent: Mozilla/5.0 (Windows NT 10.0; Win64; x64) AppleWebKit/537.36 (KHTML, like Gecko) Chrome/143.0.7499.4 Safari/537.36[22m
    [2m    - accept: */*[22m
    [2m    - accept-encoding: gzip,deflate,br[22m
    [2m    - content-type: application/json[22m
    [2m    - content-length: 53[22m


      141 |     test('should receive and display new reading when data is ingested', async ({ page, request }) => {
      142 |       // First, login and get token via API
    > 143 |       const loginResponse = await request.post(`${API_BASE}/api/v1/auth/login`, {
          |                                           ^
      144 |         data: {
      145 |           email: TEST_ADMIN.email,
      146 |           password: TEST_ADMIN.password,
        at /Users/13uraks/Desktop/projects/ReadWater/app/tests/realtime.spec.ts:143:43

    attachment #1: screenshot (image/png) ──────────────────────────────────────────────────────────
    test-results/realtime-Realtime---Live-R-fd427-ading-when-data-is-ingested-chromium/test-failed-1.png
    ────────────────────────────────────────────────────────────────────────────────────────────────

    attachment #2: video (video/webm) ──────────────────────────────────────────────────────────────
    test-results/realtime-Realtime---Live-R-fd427-ading-when-data-is-ingested-chromium/video.webm
    ────────────────────────────────────────────────────────────────────────────────────────────────

    Error Context: test-results/realtime-Realtime---Live-R-fd427-ading-when-data-is-ingested-chromium/error-context.md

    attachment #4: trace (application/zip) ─────────────────────────────────────────────────────────
    test-results/realtime-Realtime---Live-R-fd427-ading-when-data-is-ingested-chromium/trace.zip
    Usage:

        npx playwright show-trace test-results/realtime-Realtime---Live-R-fd427-ading-when-data-is-ingested-chromium/trace.zip

    ────────────────────────────────────────────────────────────────────────────────────────────────

  4) [chromium] › tests/realtime.spec.ts:218:5 › Realtime - Live Readings › Simulated IoT Ingestion (The "Wow" Factor) › should update dashboard total usage widget after ingestion 

    Error: apiRequestContext.post: connect ECONNREFUSED 127.0.0.1:3001
    Call log:
    [2m  - → POST http://127.0.0.1:3001/api/v1/auth/login[22m
    [2m    - user-agent: Mozilla/5.0 (Windows NT 10.0; Win64; x64) AppleWebKit/537.36 (KHTML, like Gecko) Chrome/143.0.7499.4 Safari/537.36[22m
    [2m    - accept: */*[22m
    [2m    - accept-encoding: gzip,deflate,br[22m
    [2m    - content-type: application/json[22m
    [2m    - content-length: 53[22m


      218 |     test('should update dashboard total usage widget after ingestion', async ({ page, request }) => {
      219 |       // Login via API
    > 220 |       const loginResponse = await request.post(`${API_BASE}/api/v1/auth/login`, {
          |                                           ^
      221 |         data: {
      222 |           email: TEST_ADMIN.email,
      223 |           password: TEST_ADMIN.password,
        at /Users/13uraks/Desktop/projects/ReadWater/app/tests/realtime.spec.ts:220:43

    attachment #1: screenshot (image/png) ──────────────────────────────────────────────────────────
    test-results/realtime-Realtime---Live-R-82dc5-sage-widget-after-ingestion-chromium/test-failed-1.png
    ────────────────────────────────────────────────────────────────────────────────────────────────

    attachment #2: video (video/webm) ──────────────────────────────────────────────────────────────
    test-results/realtime-Realtime---Live-R-82dc5-sage-widget-after-ingestion-chromium/video.webm
    ────────────────────────────────────────────────────────────────────────────────────────────────

    Error Context: test-results/realtime-Realtime---Live-R-82dc5-sage-widget-after-ingestion-chromium/error-context.md

    attachment #4: trace (application/zip) ─────────────────────────────────────────────────────────
    test-results/realtime-Realtime---Live-R-82dc5-sage-widget-after-ingestion-chromium/trace.zip
    Usage:

        npx playwright show-trace test-results/realtime-Realtime---Live-R-82dc5-sage-widget-after-ingestion-chromium/trace.zip

    ────────────────────────────────────────────────────────────────────────────────────────────────

  4 failed
    [chromium] › tests/iam.spec.ts:125:5 › IAM - Tenants & Users › Users Management › should navigate to users page 
    [chromium] › tests/realtime.spec.ts:37:5 › Realtime - Live Readings › Page Structure › should show connection status indicator 
    [chromium] › tests/realtime.spec.ts:141:5 › Realtime - Live Readings › Simulated IoT Ingestion (The "Wow" Factor) › should receive and display new reading when data is ingested 
    [chromium] › tests/realtime.spec.ts:218:5 › Realtime - Live Readings › Simulated IoT Ingestion (The "Wow" Factor) › should update dashboard total usage widget after ingestion 
  108 passed (3.3m)
